// Jest Snapshot v1, https://goo.gl/fbAQLP

exports[`renders when cart is empty 1`] = `ShallowWrapper {}`;

exports[`renders when there are items in cart 1`] = `ShallowWrapper {}`;
