// Jest Snapshot v1, https://goo.gl/fbAQLP

exports[`renders CartTable component 1`] = `ShallowWrapper {}`;
