// Jest Snapshot v1, https://goo.gl/fbAQLP

exports[`renders Homepage component 1`] = `ShallowWrapper {}`;
